# Bake Begins!
### (1 of 6) Copy sources
$ cp -a /home/travis/build/fontdirectory/londrinashadow/METADATA.json /home/travis/build/fontdirectory/londrinashadow/builds/build
$ cp -a /home/travis/build/fontdirectory/londrinashadow/FONTLOG.txt /home/travis/build/fontdirectory/londrinashadow/builds/build
$ cp -a /home/travis/build/fontdirectory/londrinashadow/DESCRIPTION.en_us.html /home/travis/build/fontdirectory/londrinashadow/builds/build
$ cp -a LondrinaShadow-Regular.ttf.ttx src/LondrinaShadow-Regular.otf.ttx src/LondrinaShadow-Regular-TTF.sfd LondrinaShadow-Regular.ttf._p_r_e_p.ttx LondrinaShadow-Regular.ttf._p_o_s_t.ttx LondrinaShadow-Regular.ttf._n_a_m_e.ttx LondrinaShadow-Regular.ttf._m_a_x_p.ttx LondrinaShadow-Regular.ttf._l_o_c_a.ttx LondrinaShadow-Regular.ttf._h_m_t_x.ttx LondrinaShadow-Regular.ttf._h_h_e_a.ttx LondrinaShadow-Regular.ttf._h_e_a_d.ttx LondrinaShadow-Regular.ttf._g_l_y_f.ttx LondrinaShadow-Regular.ttf._g_a_s_p.ttx LondrinaShadow-Regular.ttf._c_m_a_p.ttx LondrinaShadow-Regular.ttf.O_S_2f_2.ttx LondrinaShadow-Regular.ttf.GlyphOrder.ttx LondrinaShadow-Regular.ttf.G_S_U_B_.ttx LondrinaShadow-Regular.ttf.G_P_O_S_.ttx LondrinaShadow-Regular.ttf.G_D_E_F_.ttx LondrinaShadow-Regular.ttf.F_F_T_M_.ttx LondrinaShadow-Regular.ttf.D_S_I_G_.ttx src/LondrinaShadow-Regular.otf._p_o_s_t.ttx src/LondrinaShadow-Regular.otf._n_a_m_e.ttx src/LondrinaShadow-Regular.otf._m_a_x_p.ttx src/LondrinaShadow-Regular.otf._k_e_r_n.ttx src/LondrinaShadow-Regular.otf._h_m_t_x.ttx src/LondrinaShadow-Regular.otf._h_h_e_a.ttx src/LondrinaShadow-Regular.otf._h_e_a_d.ttx src/LondrinaShadow-Regular.otf._c_m_a_p.ttx src/LondrinaShadow-Regular.otf.S_O_P_G_.ttx src/LondrinaShadow-Regular.otf.O_S_2f_2.ttx src/LondrinaShadow-Regular.otf.GlyphOrder.ttx src/LondrinaShadow-Regular.otf.G_P_O_S_.ttx src/LondrinaShadow-Regular.otf.C_F_F_.ttx /home/travis/build/fontdirectory/londrinashadow/builds/build/sources
### (2 of 6) pyfontaine
### (3 of 6) Run upstream tests
$ fontbakery-check.py upstream-repo sources
$ fontaine --collections subsets --text /home/travis/build/fontdirectory/londrinashadow/builds/build/sources/LondrinaShadow-Regular.otf.ttx /home/travis/build/fontdirectory/londrinashadow/builds/build/sources/LondrinaShadow-Regular.ttf.ttx /home/travis/build/fontdirectory/londrinashadow/builds/build/sources/LondrinaShadow-Regular-TTF.sfd > fontaine.txt
WARNING: Please install [PyICU](https://pypi.python.org/pypi/PyICU) toenable [feature], perhaps with: pip install pyicu
bakery_lint.tests.upstream.test_prepolation.FontTestPrepolation.test_font_prepolation_glyph_contours(): OK
pyfontaine error: Not a TrueType or OpenType font (bad sfntVersion)
pyfontaine process has been failed
bakery_lint.tests.upstream.test_prepolation.FontTestPrepolation.test_font_prepolation_glyph_points(): OK
bakery_lint.tests.upstream.test_prepolation.FontTestPrepolation.test_font_test_prepolation_glyph_names(): OK
bakery_lint.tests.upstream.test_diacritic.TestDiacritic.test_diacritic_made_as_component(): OK
bakery_lint.tests.upstream.test_diacritic.TestDiacritic.test_diacritic_made_as_mark_to_mark(): OK
bakery_lint.tests.upstream.test_diacritic.TestDiacritic.test_diacritic_made_as_own_glyphs(): OK
bakery_lint.tests.upstream.test_check_upstream_sources.ProjectUpstreamTestCase.test_bakery_yaml_exists(): OK
bakery_lint.tests.upstream.test_check_upstream_sources.ProjectUpstreamTestCase.test_copyright_notices_same_across_family(): OK
bakery_lint.tests.upstream.test_check_upstream_sources.ProjectUpstreamTestCase.test_description_html_exists(): OK
bakery_lint.tests.upstream.test_check_upstream_sources.ProjectUpstreamTestCase.test_fontlog_txt_exists(): OK
bakery_lint.tests.upstream.test_check_upstream_sources.ProjectUpstreamTestCase.test_metadata_json_exists(): OK
$ fontbakery-check.py upstream-ttx LondrinaShadow-Regular.otf.ttx
bakery_lint.tests.upstream.test_glyphname_does_not_contain_disallowed_chars.TestGlyphNameDoesNotContainsDisallowedChars.test_glyphname_does_not_contain_disallowed_chars(): FAIL
bakery_lint.tests.upstream.test_font_filename_eq_familystyle.TestTTFSourceFontFileNameEqualsFamilyStyle.test_source_ttf_font_filename_equals_familystyle(): FAIL
$ mv /home/travis/build/fontdirectory/londrinashadow/builds/build/sources/LondrinaShadow-Regular.otf.ttx /home/travis/build/fontdirectory/londrinashadow/builds/build/sources/LondrinaShadow-Regular.ttx
bakery_lint.tests.upstream.test_font_filename_eq_familystyle.TestTTFSourceFontFileNameEqualsFamilyStyle.test_source_ttf_font_filename_equals_familystyle(): OK
bakery_lint.tests.upstream.test_check_ttx_requirements.SourceTTXTest.test_epar_in_keys(): FAIL
bakery_lint.tests.upstream.test_check_ttx_requirements.SourceTTXTest.test_os2_in_keys(): OK
bakery_lint.tests.upstream.test_check_ttx_requirements.SourceTTXTest.test_ttx_doesnt_contain_duplicate_glyphs(): OK
bakery_lint.tests.upstream.test_check_ttx_fontfamily_recommendations.TTX_FontFamilyNamingTest.test_ttx_family_naming_recommendation(): OK
$ fontbakery-check.py upstream-ttx LondrinaShadow-Regular.ttf.ttx
bakery_lint.tests.upstream.test_glyphname_does_not_contain_disallowed_chars.TestGlyphNameDoesNotContainsDisallowedChars.test_glyphname_does_not_contain_disallowed_chars(): FAIL
bakery_lint.tests.upstream.test_font_filename_eq_familystyle.TestTTFSourceFontFileNameEqualsFamilyStyle.test_source_ttf_font_filename_equals_familystyle(): FAIL
$ mv /home/travis/build/fontdirectory/londrinashadow/builds/build/sources/LondrinaShadow-Regular.ttf.ttx /home/travis/build/fontdirectory/londrinashadow/builds/build/sources/LondrinaShadow-Regular.ttx
bakery_lint.tests.upstream.test_font_filename_eq_familystyle.TestTTFSourceFontFileNameEqualsFamilyStyle.test_source_ttf_font_filename_equals_familystyle(): OK
bakery_lint.tests.upstream.test_check_ttx_requirements.SourceTTXTest.test_epar_in_keys(): FAIL
bakery_lint.tests.upstream.test_check_ttx_requirements.SourceTTXTest.test_os2_in_keys(): OK
bakery_lint.tests.upstream.test_check_ttx_requirements.SourceTTXTest.test_ttx_doesnt_contain_duplicate_glyphs(): OK
bakery_lint.tests.upstream.test_check_ttx_fontfamily_recommendations.TTX_FontFamilyNamingTest.test_ttx_family_naming_recommendation(): OK
$ fontbakery-check.py upstream LondrinaShadow-Regular-TTF.sfd
bakery_lint.tests.upstream.test_unicode_value_should_appear_only_once_per_font.UnicodeValueShouldAppearOnlyOnce.testUnicodeValue(): ERROR
bakery_lint.tests.upstream.test_font_filename_eq_familystyle.TestTTFSourceFontFileNameEqualsFamilyStyle.test_source_ttf_font_filename_equals_familystyle(): ERROR
bakery_lint.tests.upstream.test_contour_count.TestContourCount.test_contour_count(): ERROR
bakery_lint.tests.upstream.test_check_ufo_requirements.UfoOpenTest.test_has_rupee(): ERROR
bakery_lint.tests.upstream.test_check_ufo_requirements.UfoOpenTest.test_is_A(): ERROR
bakery_lint.tests.upstream.test_check_ufo_requirements.UfoOpenTest.test_is_A_a_glyph_instance(): ERROR
bakery_lint.tests.upstream.test_check_ufo_requirements.UfoOpenTest.test_is_ended_ufo(): ERROR
bakery_lint.tests.upstream.test_check_ufo_requirements.UfoOpenTest.test_is_folder(): ERROR
bakery_lint.tests.upstream.test_check_ufo_requirements.UfoOpenTest.test_is_fsType_eq_1(): ERROR
bakery_lint.tests.upstream.test_check_ufo_requirements.UfoOpenTest.test_it_exists(): ERROR
bakery_lint.tests.upstream.test_check_ufo_fontfamily_recommendations.TestUFOFontFamilyNamingTest.test_familyname_less_than_32_chars(): OK
bakery_lint.tests.upstream.test_check_ufo_fontfamily_recommendations.TestUFOFontFamilyNamingTest.test_fullfontname_less_than_64_chars(): OK
bakery_lint.tests.upstream.test_check_ufo_fontfamily_recommendations.TestUFOFontFamilyNamingTest.test_postscriptname_consistof_allowed_chars(): OK
bakery_lint.tests.upstream.test_check_ufo_fontfamily_recommendations.TestUFOFontFamilyNamingTest.test_postscriptname_less_than_30_chars(): OK
bakery_lint.tests.upstream.test_check_ufo_fontfamily_recommendations.TestUFOFontFamilyNamingTest.test_stylename_less_than_32_chars(): OK
bakery_lint.tests.upstream.test_check_ufo_fontfamily_recommendations.TestUFOFontFamilyNamingTest.test_weight_value_range_between_250_and_900(): OK
### (4 of 6) Convert sources to TTF
$ ttx -d /home/travis/build/fontdirectory/londrinashadow/builds/build /home/travis/build/fontdirectory/londrinashadow/builds/build/sources/LondrinaShadow-Regular.ttx
strippedname:/home/travis/build/fontdirectory/londrinashadow/builds/build/sources/LondrinaShadow-Regular-TTF.sfd
Compiling "/home/travis/build/fontdirectory/londrinashadow/builds/build/sources/LondrinaShadow-Regular.ttx" to "/home/travis/build/fontdirectory/londrinashadow/builds/build/LondrinaShadow-Regular.ttf"...
Parsing 'GlyphOrder' table...
Parsing 'head' table...
Parsing 'hhea' table...
Parsing 'maxp' table...
Parsing 'OS/2' table...
Parsing 'hmtx' table...
Parsing 'cmap' table...
Parsing 'prep' table...
Parsing 'loca' table...
Parsing 'glyf' table...
Parsing 'name' table...
Parsing 'post' table...
Parsing 'gasp' table...
Parsing 'FFTM' table...
Parsing 'GDEF' table...
Parsing 'GPOS' table...
Parsing 'GSUB' table...
Parsing 'DSIG' table...
### Test LondrinaShadow-Regular.ttf
$ fontbakery-check.py result LondrinaShadow-Regular.ttf
bakery_lint.tests.downstream.test_names_are_ascii_only.CheckNamesAreASCIIOnly.test_check_names_are_ascii_only(): OK
bakery_lint.tests.downstream.test_gpos_table_has_kerning_info.CheckGposTableHasKerningInfo.test_gpos_table_has_kerning_info(): OK
bakery_lint.tests.downstream.test_gasp_table_value.CheckGaspTableType.test_check_gasp_table_type(): OK
$ fontbakery-fix-gasp.py --set=15 /home/travis/build/fontdirectory/londrinashadow/builds/build/LondrinaShadow-Regular.ttf
$ mv /home/travis/build/fontdirectory/londrinashadow/builds/build/LondrinaShadow-Regular.ttf.fix /home/travis/build/fontdirectory/londrinashadow/builds/build/LondrinaShadow-Regular.ttf
The following table(s) in the font have been ignored by FontForge
  Ignoring 'DSIG' digital signature table
bakery_lint.tests.downstream.test_fontforge_validation_state.FontForgeValidateStateTest.test_allowed_numbers_paths_in_composite_glyphs(): OK
bakery_lint.tests.downstream.test_fontforge_validation_state.FontForgeValidateStateTest.test_allowed_numbers_paths_in_glyphs(): OK
bakery_lint.tests.downstream.test_fontforge_validation_state.FontForgeValidateStateTest.test_allowed_numbers_points_in_composite_glyphs(): OK
bakery_lint.tests.downstream.test_fontforge_validation_state.FontForgeValidateStateTest.test_allowed_numbers_points_in_glyphs(): OK
bakery_lint.tests.downstream.test_fontforge_validation_state.FontForgeValidateStateTest.test_duplicate_glyphs(): OK
bakery_lint.tests.downstream.test_fontforge_validation_state.FontForgeValidateStateTest.test_duplicate_unicode_codepoints(): OK
bakery_lint.tests.downstream.test_fontforge_validation_state.FontForgeValidateStateTest.test_flipped_reference_in_glyphs(): OK
bakery_lint.tests.downstream.test_fontforge_validation_state.FontForgeValidateStateTest.test_missing_anchors(): OK
bakery_lint.tests.downstream.test_fontforge_validation_state.FontForgeValidateStateTest.test_missing_extrema_in_glyphs(): FAIL
bakery_lint.tests.downstream.test_fontforge_validation_state.FontForgeValidateStateTest.test_overlapped_hints(): OK
bakery_lint.tests.downstream.test_fontforge_validation_state.FontForgeValidateStateTest.test_points_are_integer_aligned(): OK
bakery_lint.tests.downstream.test_fontforge_validation_state.FontForgeValidateStateTest.test_points_are_not_too_far_apart(): OK
bakery_lint.tests.downstream.test_fontforge_validation_state.FontForgeValidateStateTest.test_postscript_hasnt_limit_hints_in_glyphs(): OK
bakery_lint.tests.downstream.test_fontforge_validation_state.FontForgeValidateStateTest.test_postscript_hasnt_limit_points_in_glyphs(): OK
bakery_lint.tests.downstream.test_fontforge_validation_state.FontForgeValidateStateTest.test_referenced_glyphs_are_present(): OK
bakery_lint.tests.downstream.test_fontforge_validation_state.FontForgeValidateStateTest.test_valid_glyph_names(): OK
bakery_lint.tests.downstream.test_fontforge_validation_state.FontForgeValidateStateTest.test_valid_length_instructions(): OK
bakery_lint.tests.downstream.test_fontforge_validation_state.FontForgeValidateStateTest.test_validation_glyph_intersect(): FAIL
bakery_lint.tests.downstream.test_fontforge_validation_state.FontForgeValidateStateTest.test_validation_open_contours(): OK
bakery_lint.tests.downstream.test_fontforge_validation_state.FontForgeValidateStateTest.test_wrong_direction_in_glyphs(): OK
bakery_lint.tests.downstream.test_check_vertical_metrics.CheckVerticalLinegapMetrics.test_metrics_linegaps_are_zero(): OK
bakery_lint.tests.downstream.test_check_vertical_metrics.CheckVerticalAscentMetrics.test_metrics_ascents_equal_bbox(): OK
bakery_lint.tests.downstream.test_check_vertical_metrics.CheckVerticalDescentMetrics.test_metrics_descents_equal_bbox(): FAIL
$ fontbakery-fix-vertical-metrics.py --autofix /home/travis/build/fontdirectory/londrinashadow/builds/build/LondrinaShadow-Regular.ttf
$ mv /home/travis/build/fontdirectory/londrinashadow/builds/build/LondrinaShadow-Regular.ttf.fix /home/travis/build/fontdirectory/londrinashadow/builds/build/LondrinaShadow-Regular.ttf
$ fontbakery-fix-vertical-metrics.py /home/travis/build/fontdirectory/londrinashadow/builds/build/LondrinaShadow-Regular.ttf
Parameter              LondrinaShadow-Regular.ttf    
ymax                   945                           
hhea.ascent            945                           
OS/2.sTypoAscender     945                           
OS/2.usWinAscent       945                           
ymin                   -239                          
hhea.descent           -239                          
OS/2.sTypoDescender    -239                          
OS/2.usWinDescent      239                           
hhea.lineGap           0                             
OS/2.sTypoLineGap      0                             
hhea total             1184                          
typo total             1184                          
win total              1184                          
UPM:Heights            1000:1184                     
UPM:Heights %          118 %                         


bakery_lint.tests.downstream.test_check_vertical_metrics.CheckVerticalDescentMetrics.test_metrics_descents_equal_bbox(): OK
bakery_lint.tests.downstream.test_check_upm_heights_less_120.TestCheckUPMHeightsLess120.test_check_upm_heigths_less_120(): OK
bakery_lint.tests.downstream.test_check_unused_glyph_data.CheckUnusedGlyphData.test_check_unused_glyph_data(): ERROR
bakery_lint.tests.downstream.test_check_unencoded_glyph.TestFontUnencodedGlyph.test_font_unencoded_glyphs(): FAIL
$ fontbakery-fix-glyph-private-encoding.py --autofix /home/travis/build/fontdirectory/londrinashadow/builds/build/LondrinaShadow-Regular.ttf
$ mv /home/travis/build/fontdirectory/londrinashadow/builds/build/LondrinaShadow-Regular.ttf.fix /home/travis/build/fontdirectory/londrinashadow/builds/build/LondrinaShadow-Regular.ttf
bakery_lint.tests.downstream.test_check_unencoded_glyph.TestFontUnencodedGlyph.test_font_unencoded_glyphs(): FAIL
bakery_lint.tests.downstream.test_check_panose_identification.CheckPanoseIdentification.test_check_panose_identification(): OK
bakery_lint.tests.downstream.test_check_os2_width_class.CheckOS2WidthClass.test_check_os2_width_class(): OK
bakery_lint.tests.downstream.test_check_no_problematic_formats.CheckNoProblematicFormats.test_check_no_problematic_formats(): OK
bakery_lint.tests.downstream.test_check_nbsp_width_matches_sp_width.CheckNbspWidthMatchesSpWidth.test_check_nbsp_width_matches_sp_width(): FAIL
$ fontbakery-fix-nbsp.py /home/travis/build/fontdirectory/londrinashadow/builds/build/LondrinaShadow-Regular.ttf
$ mv /home/travis/build/fontdirectory/londrinashadow/builds/build/LondrinaShadow-Regular.ttf.fix /home/travis/build/fontdirectory/londrinashadow/builds/build/LondrinaShadow-Regular.ttf
bakery_lint.tests.downstream.test_check_nbsp_width_matches_sp_width.CheckNbspWidthMatchesSpWidth.test_check_nbsp_width_matches_sp_width(): FAIL
bakery_lint.tests.downstream.test_check_names_same_across_platforms.CheckNamesSameAcrossPlatforms.test_check_names_same_across_platforms(): OK
bakery_lint.tests.downstream.test_check_name_table_recommendation.CheckStyleNameRecommendation.test_check_stylename_is_under_recommendations(): OK
bakery_lint.tests.downstream.test_check_name_table_recommendation.CheckOTFamilyNameRecommendation.test_check_opentype_familyname(): FAIL
$ fontbakery-fix-opentype-names.py /home/travis/build/fontdirectory/londrinashadow/builds/build/LondrinaShadow-Regular.ttf
$ mv /home/travis/build/fontdirectory/londrinashadow/builds/build/LondrinaShadow-Regular.ttf.fix /home/travis/build/fontdirectory/londrinashadow/builds/build/LondrinaShadow-Regular.ttf
bakery_lint.tests.downstream.test_check_name_table_recommendation.CheckOTFamilyNameRecommendation.test_check_opentype_familyname(): OK
bakery_lint.tests.downstream.test_check_name_table_recommendation.CheckOTStyleNameRecommendation.test_check_opentype_stylename(): OK
bakery_lint.tests.downstream.test_check_name_table_recommendation.CheckOTFullNameRecommendation.test_check_opentype_fullname(): OK
bakery_lint.tests.downstream.test_check_magic_prep_code.CheckMagicPREPByteCode.test_prep_magic_code(): OK
bakery_lint.tests.downstream.test_check_license_included.CheckLicenseIncluded.test_license_included_in_font_names(): OK
bakery_lint.tests.downstream.test_check_italic_angle_agreement.CheckItalicAngleAgreement.test_check_italic_angle_agreement(): OK
bakery_lint.tests.downstream.test_check_hmtx_hhea_max_advance_width_agreement.CheckHmtxHheaMaxAdvanceWidthAgreement.test_check_hmtx_hhea_max_advance_width_agreement(): OK
bakery_lint.tests.downstream.test_check_glyph_existence.CheckGlyphExistence.test_euro(): OK
bakery_lint.tests.downstream.test_check_glyph_existence.CheckGlyphExistence.test_nbsp(): OK
bakery_lint.tests.downstream.test_check_glyph_existence.CheckGlyphExistence.test_space(): OK
bakery_lint.tests.downstream.test_check_glyf_table_length.CheckGlyfTableLength.test_check_glyf_table_length(): FAIL
bakery_lint.tests.downstream.test_check_full_font_name_begins_with_family_name.CheckFullFontNameBeginsWithFamilyName.test_check_full_font_name_begins_with_family_name(): OK
bakery_lint.tests.downstream.test_check_fontname_matches_macstyle.CheckFontNameEqualToMacStyleFlags.test_fontname_is_equal_to_macstyle(): FAIL
bakery_lint.tests.downstream.test_check_font_tables.CheckFontHasDsigTable.test_check_font_has_dsig_table(): OK
bakery_lint.tests.downstream.test_check_font_tables.CheckFontHasNotKernTable.test_no_kern_table_exists(): OK
bakery_lint.tests.downstream.test_check_font_agreements.CheckFsTypeIsNotSet.test_is_fstype_not_set(): OK
$ fontbakery-fix-fstype.py --autofix /home/travis/build/fontdirectory/londrinashadow/builds/build/LondrinaShadow-Regular.ttf
$ mv /home/travis/build/fontdirectory/londrinashadow/builds/build/LondrinaShadow-Regular.ttf.fix /home/travis/build/fontdirectory/londrinashadow/builds/build/LondrinaShadow-Regular.ttf
bakery_lint.tests.downstream.test_check_font_agreements.CheckFontAgreements.test_em_is_1000(): OK
bakery_lint.tests.downstream.test_check_font_agreements.CheckFontAgreements.test_font_is_font(): OK
bakery_lint.tests.downstream.test_check_font_agreements.CheckFontAgreements.test_latin_file_exists(): FAIL
bakery_lint.tests.downstream.test_check_font_agreements.CheckFontAgreements.test_menu_file_exists(): FAIL
### Optimize TTF LondrinaShadow-Regular.ttf
$ ls -l 'LondrinaShadow-Regular.ttf'* # look at the size savings of that subset process
LondrinaShadow-Regular.ttf.opt: 83904 bytes
LondrinaShadow-Regular.ttf: 85480 bytes
$ mv /home/travis/build/fontdirectory/londrinashadow/builds/build/LondrinaShadow-Regular.ttf.opt /home/travis/build/fontdirectory/londrinashadow/builds/build/LondrinaShadow-Regular.ttf
### Autohint TTFs (ttfautohint) LondrinaShadow-Regular.ttf
$ ttfautohint -l 7 -r 28 -G 50 -x 13 -w "G" /home/travis/build/fontdirectory/londrinashadow/builds/build/LondrinaShadow-Regular.ttf '/home/travis/build/fontdirectory/londrinashadow/builds/build/LondrinaShadow-Regular.autohint.ttf'

$ ls -l /home/travis/build/fontdirectory/londrinashadow/builds/build/LondrinaShadow-Regular.*ttf # look at the size savings of that subset process
/home/travis/build/fontdirectory/londrinashadow/builds/build/LondrinaShadow-Regular.ttf: 83904 bytes
/home/travis/build/fontdirectory/londrinashadow/builds/build/LondrinaShadow-Regular.autohint.ttf: 152548 bytes
$ mv /home/travis/build/fontdirectory/londrinashadow/builds/build/LondrinaShadow-Regular.autohint.ttf /home/travis/build/fontdirectory/londrinashadow/builds/build/LondrinaShadow-Regular.ttf
### Subset TTFs (pyftsubset) LondrinaShadow-Regular.ttf
$ pyftsubset LondrinaShadow-Regular.latin
$ pyftsubset LondrinaShadow-Regular.menu
strippedname:/home/travis/build/fontdirectory/londrinashadow/builds/build/LondrinaShadow-Regular.ttf
spaceWidth is    200
nbspWidth is     200
Nothing to do
$ fontbakery-build-font2ttf.py sources/LondrinaShadow-Regular-TTF.sfd LondrinaShadow-Regular-TTF.ttf
Success: Generated OpenType-TTF (/home/travis/build/fontdirectory/londrinashadow/builds/build/LondrinaShadow-Regular-TTF.ttf)
### Test LondrinaShadow-Regular-TTF.ttf
$ fontbakery-check.py result LondrinaShadow-Regular-TTF.ttf
bakery_lint.tests.downstream.test_names_are_ascii_only.CheckNamesAreASCIIOnly.test_check_names_are_ascii_only(): OK
bakery_lint.tests.downstream.test_gpos_table_has_kerning_info.CheckGposTableHasKerningInfo.test_gpos_table_has_kerning_info(): OK
bakery_lint.tests.downstream.test_gasp_table_value.CheckGaspTableType.test_check_gasp_table_type(): OK
$ fontbakery-fix-gasp.py --set=15 /home/travis/build/fontdirectory/londrinashadow/builds/build/LondrinaShadow-Regular-TTF.ttf
$ mv /home/travis/build/fontdirectory/londrinashadow/builds/build/LondrinaShadow-Regular-TTF.ttf.fix /home/travis/build/fontdirectory/londrinashadow/builds/build/LondrinaShadow-Regular-TTF.ttf
The following table(s) in the font have been ignored by FontForge
  Ignoring 'DSIG' digital signature table
bakery_lint.tests.downstream.test_fontforge_validation_state.FontForgeValidateStateTest.test_allowed_numbers_paths_in_composite_glyphs(): OK
bakery_lint.tests.downstream.test_fontforge_validation_state.FontForgeValidateStateTest.test_allowed_numbers_paths_in_glyphs(): OK
bakery_lint.tests.downstream.test_fontforge_validation_state.FontForgeValidateStateTest.test_allowed_numbers_points_in_composite_glyphs(): OK
bakery_lint.tests.downstream.test_fontforge_validation_state.FontForgeValidateStateTest.test_allowed_numbers_points_in_glyphs(): OK
bakery_lint.tests.downstream.test_fontforge_validation_state.FontForgeValidateStateTest.test_duplicate_glyphs(): OK
bakery_lint.tests.downstream.test_fontforge_validation_state.FontForgeValidateStateTest.test_duplicate_unicode_codepoints(): OK
bakery_lint.tests.downstream.test_fontforge_validation_state.FontForgeValidateStateTest.test_flipped_reference_in_glyphs(): OK
bakery_lint.tests.downstream.test_fontforge_validation_state.FontForgeValidateStateTest.test_missing_anchors(): OK
bakery_lint.tests.downstream.test_fontforge_validation_state.FontForgeValidateStateTest.test_missing_extrema_in_glyphs(): FAIL
bakery_lint.tests.downstream.test_fontforge_validation_state.FontForgeValidateStateTest.test_overlapped_hints(): OK
bakery_lint.tests.downstream.test_fontforge_validation_state.FontForgeValidateStateTest.test_points_are_integer_aligned(): OK
bakery_lint.tests.downstream.test_fontforge_validation_state.FontForgeValidateStateTest.test_points_are_not_too_far_apart(): OK
bakery_lint.tests.downstream.test_fontforge_validation_state.FontForgeValidateStateTest.test_postscript_hasnt_limit_hints_in_glyphs(): OK
bakery_lint.tests.downstream.test_fontforge_validation_state.FontForgeValidateStateTest.test_postscript_hasnt_limit_points_in_glyphs(): OK
bakery_lint.tests.downstream.test_fontforge_validation_state.FontForgeValidateStateTest.test_referenced_glyphs_are_present(): OK
bakery_lint.tests.downstream.test_fontforge_validation_state.FontForgeValidateStateTest.test_valid_glyph_names(): OK
bakery_lint.tests.downstream.test_fontforge_validation_state.FontForgeValidateStateTest.test_valid_length_instructions(): OK
bakery_lint.tests.downstream.test_fontforge_validation_state.FontForgeValidateStateTest.test_validation_glyph_intersect(): FAIL
bakery_lint.tests.downstream.test_fontforge_validation_state.FontForgeValidateStateTest.test_validation_open_contours(): OK
bakery_lint.tests.downstream.test_fontforge_validation_state.FontForgeValidateStateTest.test_wrong_direction_in_glyphs(): OK
bakery_lint.tests.downstream.test_check_vertical_metrics.CheckVerticalLinegapMetrics.test_metrics_linegaps_are_zero(): OK
bakery_lint.tests.downstream.test_check_vertical_metrics.CheckVerticalAscentMetrics.test_metrics_ascents_equal_bbox(): OK
bakery_lint.tests.downstream.test_check_vertical_metrics.CheckVerticalDescentMetrics.test_metrics_descents_equal_bbox(): FAIL
$ fontbakery-fix-vertical-metrics.py --autofix /home/travis/build/fontdirectory/londrinashadow/builds/build/LondrinaShadow-Regular-TTF.ttf /home/travis/build/fontdirectory/londrinashadow/builds/build/LondrinaShadow-Regular.ttf
$ mv /home/travis/build/fontdirectory/londrinashadow/builds/build/LondrinaShadow-Regular-TTF.ttf.fix /home/travis/build/fontdirectory/londrinashadow/builds/build/LondrinaShadow-Regular-TTF.ttf
$ mv /home/travis/build/fontdirectory/londrinashadow/builds/build/LondrinaShadow-Regular.ttf.fix /home/travis/build/fontdirectory/londrinashadow/builds/build/LondrinaShadow-Regular.ttf
$ fontbakery-fix-vertical-metrics.py /home/travis/build/fontdirectory/londrinashadow/builds/build/LondrinaShadow-Regular-TTF.ttf /home/travis/build/fontdirectory/londrinashadow/builds/build/LondrinaShadow-Regular.ttf
Parameter              LondrinaShadow-Regular-TTF.ttf    LondrinaShadow-Regular.ttf    
ymax                   945                               945                           
hhea.ascent            945                               945                           
OS/2.sTypoAscender     945                               945                           
OS/2.usWinAscent       945                               945                           
ymin                   -238                              -239                          
hhea.descent           -239                              -239                          
OS/2.sTypoDescender    -239                              -239                          
OS/2.usWinDescent      239                               239                           
hhea.lineGap           0                                 0                             
OS/2.sTypoLineGap      0                                 0                             
hhea total             1184                              1184                          
typo total             1184                              1184                          
win total              1184                              1184                          
UPM:Heights            1000:1183                         1000:1184                     
UPM:Heights %          118 %                             118 %                         


bakery_lint.tests.downstream.test_check_vertical_metrics.CheckVerticalDescentMetrics.test_metrics_descents_equal_bbox(): OK
bakery_lint.tests.downstream.test_check_upm_heights_less_120.TestCheckUPMHeightsLess120.test_check_upm_heigths_less_120(): OK
bakery_lint.tests.downstream.test_check_unused_glyph_data.CheckUnusedGlyphData.test_check_unused_glyph_data(): ERROR
bakery_lint.tests.downstream.test_check_unencoded_glyph.TestFontUnencodedGlyph.test_font_unencoded_glyphs(): FAIL
$ fontbakery-fix-glyph-private-encoding.py --autofix /home/travis/build/fontdirectory/londrinashadow/builds/build/LondrinaShadow-Regular-TTF.ttf
$ mv /home/travis/build/fontdirectory/londrinashadow/builds/build/LondrinaShadow-Regular-TTF.ttf.fix /home/travis/build/fontdirectory/londrinashadow/builds/build/LondrinaShadow-Regular-TTF.ttf
bakery_lint.tests.downstream.test_check_unencoded_glyph.TestFontUnencodedGlyph.test_font_unencoded_glyphs(): FAIL
bakery_lint.tests.downstream.test_check_panose_identification.CheckPanoseIdentification.test_check_panose_identification(): OK
bakery_lint.tests.downstream.test_check_os2_width_class.CheckOS2WidthClass.test_check_os2_width_class(): OK
bakery_lint.tests.downstream.test_check_no_problematic_formats.CheckNoProblematicFormats.test_check_no_problematic_formats(): OK
bakery_lint.tests.downstream.test_check_nbsp_width_matches_sp_width.CheckNbspWidthMatchesSpWidth.test_check_nbsp_width_matches_sp_width(): FAIL
$ fontbakery-fix-nbsp.py /home/travis/build/fontdirectory/londrinashadow/builds/build/LondrinaShadow-Regular-TTF.ttf
$ mv /home/travis/build/fontdirectory/londrinashadow/builds/build/LondrinaShadow-Regular-TTF.ttf.fix /home/travis/build/fontdirectory/londrinashadow/builds/build/LondrinaShadow-Regular-TTF.ttf
bakery_lint.tests.downstream.test_check_nbsp_width_matches_sp_width.CheckNbspWidthMatchesSpWidth.test_check_nbsp_width_matches_sp_width(): FAIL
bakery_lint.tests.downstream.test_check_names_same_across_platforms.CheckNamesSameAcrossPlatforms.test_check_names_same_across_platforms(): OK
bakery_lint.tests.downstream.test_check_name_table_recommendation.CheckStyleNameRecommendation.test_check_stylename_is_under_recommendations(): OK
bakery_lint.tests.downstream.test_check_name_table_recommendation.CheckOTFamilyNameRecommendation.test_check_opentype_familyname(): FAIL
$ fontbakery-fix-opentype-names.py /home/travis/build/fontdirectory/londrinashadow/builds/build/LondrinaShadow-Regular-TTF.ttf
$ mv /home/travis/build/fontdirectory/londrinashadow/builds/build/LondrinaShadow-Regular-TTF.ttf.fix /home/travis/build/fontdirectory/londrinashadow/builds/build/LondrinaShadow-Regular-TTF.ttf
bakery_lint.tests.downstream.test_check_name_table_recommendation.CheckOTFamilyNameRecommendation.test_check_opentype_familyname(): OK
bakery_lint.tests.downstream.test_check_name_table_recommendation.CheckOTStyleNameRecommendation.test_check_opentype_stylename(): OK
bakery_lint.tests.downstream.test_check_name_table_recommendation.CheckOTFullNameRecommendation.test_check_opentype_fullname(): OK
bakery_lint.tests.downstream.test_check_magic_prep_code.CheckMagicPREPByteCode.test_prep_magic_code(): OK
bakery_lint.tests.downstream.test_check_license_included.CheckLicenseIncluded.test_license_included_in_font_names(): OK
bakery_lint.tests.downstream.test_check_italic_angle_agreement.CheckItalicAngleAgreement.test_check_italic_angle_agreement(): OK
bakery_lint.tests.downstream.test_check_hmtx_hhea_max_advance_width_agreement.CheckHmtxHheaMaxAdvanceWidthAgreement.test_check_hmtx_hhea_max_advance_width_agreement(): OK
bakery_lint.tests.downstream.test_check_glyph_existence.CheckGlyphExistence.test_euro(): OK
bakery_lint.tests.downstream.test_check_glyph_existence.CheckGlyphExistence.test_nbsp(): OK
bakery_lint.tests.downstream.test_check_glyph_existence.CheckGlyphExistence.test_space(): OK
bakery_lint.tests.downstream.test_check_glyf_table_length.CheckGlyfTableLength.test_check_glyf_table_length(): FAIL
bakery_lint.tests.downstream.test_check_full_font_name_begins_with_family_name.CheckFullFontNameBeginsWithFamilyName.test_check_full_font_name_begins_with_family_name(): OK
bakery_lint.tests.downstream.test_check_fontname_matches_macstyle.CheckFontNameEqualToMacStyleFlags.test_fontname_is_equal_to_macstyle(): FAIL
bakery_lint.tests.downstream.test_check_font_tables.CheckFontHasDsigTable.test_check_font_has_dsig_table(): OK
bakery_lint.tests.downstream.test_check_font_tables.CheckFontHasNotKernTable.test_no_kern_table_exists(): OK
bakery_lint.tests.downstream.test_check_font_agreements.CheckFsTypeIsNotSet.test_is_fstype_not_set(): OK
$ fontbakery-fix-fstype.py --autofix /home/travis/build/fontdirectory/londrinashadow/builds/build/LondrinaShadow-Regular-TTF.ttf
$ mv /home/travis/build/fontdirectory/londrinashadow/builds/build/LondrinaShadow-Regular-TTF.ttf.fix /home/travis/build/fontdirectory/londrinashadow/builds/build/LondrinaShadow-Regular-TTF.ttf
bakery_lint.tests.downstream.test_check_font_agreements.CheckFontAgreements.test_em_is_1000(): OK
bakery_lint.tests.downstream.test_check_font_agreements.CheckFontAgreements.test_font_is_font(): OK
bakery_lint.tests.downstream.test_check_font_agreements.CheckFontAgreements.test_latin_file_exists(): FAIL
bakery_lint.tests.downstream.test_check_font_agreements.CheckFontAgreements.test_menu_file_exists(): FAIL
### Optimize TTF LondrinaShadow-Regular-TTF.ttf
$ ls -l 'LondrinaShadow-Regular-TTF.ttf'* # look at the size savings of that subset process
LondrinaShadow-Regular-TTF.ttf.opt: 81212 bytes
LondrinaShadow-Regular-TTF.ttf: 82988 bytes
$ mv /home/travis/build/fontdirectory/londrinashadow/builds/build/LondrinaShadow-Regular-TTF.ttf.opt /home/travis/build/fontdirectory/londrinashadow/builds/build/LondrinaShadow-Regular-TTF.ttf
### Autohint TTFs (ttfautohint) LondrinaShadow-Regular-TTF.ttf
$ ttfautohint -l 7 -r 28 -G 50 -x 13 -w "G" /home/travis/build/fontdirectory/londrinashadow/builds/build/LondrinaShadow-Regular-TTF.ttf '/home/travis/build/fontdirectory/londrinashadow/builds/build/LondrinaShadow-Regular-TTF.autohint.ttf'

$ ls -l /home/travis/build/fontdirectory/londrinashadow/builds/build/LondrinaShadow-Regular-TTF.*ttf # look at the size savings of that subset process
/home/travis/build/fontdirectory/londrinashadow/builds/build/LondrinaShadow-Regular-TTF.ttf: 81212 bytes
/home/travis/build/fontdirectory/londrinashadow/builds/build/LondrinaShadow-Regular-TTF.autohint.ttf: 148004 bytes
$ mv /home/travis/build/fontdirectory/londrinashadow/builds/build/LondrinaShadow-Regular-TTF.autohint.ttf /home/travis/build/fontdirectory/londrinashadow/builds/build/LondrinaShadow-Regular-TTF.ttf
### Subset TTFs (pyftsubset) LondrinaShadow-Regular-TTF.ttf
$ pyftsubset LondrinaShadow-Regular-TTF.latin
$ pyftsubset LondrinaShadow-Regular-TTF.menu
strippedname:/home/travis/build/fontdirectory/londrinashadow/builds/build/LondrinaShadow-Regular-TTF.ttf
spaceWidth is    200
nbspWidth is     200
Nothing to do
### (5 of 6) Generate METADATA.json (fontbakery-build-metadata.py)
$ fontbakery-build-metadata.py /home/travis/build/fontdirectory/londrinashadow/builds/build
{} exists
Designer's name from font is: Marcelo Magalhaes
Original size: 152548\nGzip size: 73477
Family Name: Londrina Shadow
PS Name: LondrinaShadow-Regular
Full Name: Londrina Shadow
Style: normal
Weight: 400
Filename: LondrinaShadow-Regular-TTF.ttf
Copyright: Copyright (c) 2011 by Marcelo Magalhaes (marcelomagalhaes.net), with Reserved Font Name "Londrina"
Family Name: Londrina Shadow
PS Name: LondrinaShadow-Regular
Full Name: Londrina Shadow
Style: normal
Weight: 400
Filename: LondrinaShadow-Regular.ttf
Copyright: Copyright (c) 2011 by Marcelo Magalhaes (marcelomagalhaes.net), with Reserved Font Name "Londrina"
Error: 
ERROR: BUILD FAILED
